Archive member included because of file (symbol)

.\CortexM3\ARM_GCC_473\Debug\1 - Hello World.a(cyfitter_cfg.o)
                              .\CortexM3\ARM_GCC_473\Debug\Cm3Start.o (cyfitter_cfg)
.\CortexM3\ARM_GCC_473\Debug\1 - Hello World.a(LCD.o)
                              .\CortexM3\ARM_GCC_473\Debug\main.o (LCD_Init)
.\CortexM3\ARM_GCC_473\Debug\1 - Hello World.a(LCD_CustChars.o)
                              .\CortexM3\ARM_GCC_473\Debug\1 - Hello World.a(LCD.o) (LCD_customFonts)
.\CortexM3\ARM_GCC_473\Debug\1 - Hello World.a(CyBootAsmGnu.o)
                              .\CortexM3\ARM_GCC_473\Debug\1 - Hello World.a(cyfitter_cfg.o) (CyDelayCycles)
.\CortexM3\ARM_GCC_473\Debug\1 - Hello World.a(CyLib.o)
                              .\CortexM3\ARM_GCC_473\Debug\Cm3Start.o (CyResetStatus)
.\CortexM3\ARM_GCC_473\Debug\1 - Hello World.a(cyPm.o)
                              .\CortexM3\ARM_GCC_473\Debug\1 - Hello World.a(CyLib.o) (CyPmReadStatus)
.\CortexM3\ARM_GCC_473\Debug\1 - Hello World.a(CyFlash.o)
                              .\CortexM3\ARM_GCC_473\Debug\1 - Hello World.a(cyPm.o) (CyFlash_SetWaitCycles)
.\CortexM3\ARM_GCC_473\Debug\1 - Hello World.a(CySpc.o)
                              .\CortexM3\ARM_GCC_473\Debug\1 - Hello World.a(CyFlash.o) (CySpcStart)
c:/program files (x86)/cypress/psoc creator/3.0/psoc creator/import/gnu_cs/arm/4.7.3/bin/../lib/gcc/arm-none-eabi/4.7.3/../../../../arm-none-eabi/lib/armv7-m\libc_s.a(lib_a-__atexit2.o)
                              c:/program files (x86)/cypress/psoc creator/3.0/psoc creator/import/gnu_cs/arm/4.7.3/bin/../lib/gcc/arm-none-eabi/4.7.3/../../../../arm-none-eabi/lib/armv7-m/crt0.o (__register_exitproc)
c:/program files (x86)/cypress/psoc creator/3.0/psoc creator/import/gnu_cs/arm/4.7.3/bin/../lib/gcc/arm-none-eabi/4.7.3/../../../../arm-none-eabi/lib/armv7-m\libc_s.a(lib_a-exit.o)
                              c:/program files (x86)/cypress/psoc creator/3.0/psoc creator/import/gnu_cs/arm/4.7.3/bin/../lib/gcc/arm-none-eabi/4.7.3/../../../../arm-none-eabi/lib/armv7-m/crt0.o (exit)
c:/program files (x86)/cypress/psoc creator/3.0/psoc creator/import/gnu_cs/arm/4.7.3/bin/../lib/gcc/arm-none-eabi/4.7.3/../../../../arm-none-eabi/lib/armv7-m\libc_s.a(lib_a-fini.o)
                              c:/program files (x86)/cypress/psoc creator/3.0/psoc creator/import/gnu_cs/arm/4.7.3/bin/../lib/gcc/arm-none-eabi/4.7.3/../../../../arm-none-eabi/lib/armv7-m/crt0.o (__libc_fini_array)
c:/program files (x86)/cypress/psoc creator/3.0/psoc creator/import/gnu_cs/arm/4.7.3/bin/../lib/gcc/arm-none-eabi/4.7.3/../../../../arm-none-eabi/lib/armv7-m\libc_s.a(lib_a-impure.o)
                              c:/program files (x86)/cypress/psoc creator/3.0/psoc creator/import/gnu_cs/arm/4.7.3/bin/../lib/gcc/arm-none-eabi/4.7.3/../../../../arm-none-eabi/lib/armv7-m\libc_s.a(lib_a-exit.o) (_global_impure_ptr)
c:/program files (x86)/cypress/psoc creator/3.0/psoc creator/import/gnu_cs/arm/4.7.3/bin/../lib/gcc/arm-none-eabi/4.7.3/../../../../arm-none-eabi/lib/armv7-m\libc_s.a(lib_a-init.o)
                              c:/program files (x86)/cypress/psoc creator/3.0/psoc creator/import/gnu_cs/arm/4.7.3/bin/../lib/gcc/arm-none-eabi/4.7.3/../../../../arm-none-eabi/lib/armv7-m/crt0.o (__libc_init_array)
c:/program files (x86)/cypress/psoc creator/3.0/psoc creator/import/gnu_cs/arm/4.7.3/bin/../lib/gcc/arm-none-eabi/4.7.3/../../../../arm-none-eabi/lib/armv7-m\libc_s.a(lib_a-memcpy.o)
                              .\CortexM3\ARM_GCC_473\Debug\1 - Hello World.a(cyfitter_cfg.o) (memcpy)
c:/program files (x86)/cypress/psoc creator/3.0/psoc creator/import/gnu_cs/arm/4.7.3/bin/../lib/gcc/arm-none-eabi/4.7.3/../../../../arm-none-eabi/lib/armv7-m\libc_s.a(lib_a-memset.o)
                              c:/program files (x86)/cypress/psoc creator/3.0/psoc creator/import/gnu_cs/arm/4.7.3/bin/../lib/gcc/arm-none-eabi/4.7.3/../../../../arm-none-eabi/lib/armv7-m/crt0.o (memset)

Allocating common symbols
Common symbol       size              file

dieTemperature      0x2               .\CortexM3\ARM_GCC_473\Debug\1 - Hello World.a(CyFlash.o)

Discarded input sections

 .text          0x00000000        0x0 c:/program files (x86)/cypress/psoc creator/3.0/psoc creator/import/gnu_cs/arm/4.7.3/bin/../lib/gcc/arm-none-eabi/4.7.3/armv7-m/crti.o
 .data          0x00000000        0x0 c:/program files (x86)/cypress/psoc creator/3.0/psoc creator/import/gnu_cs/arm/4.7.3/bin/../lib/gcc/arm-none-eabi/4.7.3/armv7-m/crti.o
 .bss           0x00000000        0x0 c:/program files (x86)/cypress/psoc creator/3.0/psoc creator/import/gnu_cs/arm/4.7.3/bin/../lib/gcc/arm-none-eabi/4.7.3/armv7-m/crti.o
 .data          0x00000000        0x4 c:/program files (x86)/cypress/psoc creator/3.0/psoc creator/import/gnu_cs/arm/4.7.3/bin/../lib/gcc/arm-none-eabi/4.7.3/armv7-m/crtbegin.o
 .text          0x00000000       0x70 c:/program files (x86)/cypress/psoc creator/3.0/psoc creator/import/gnu_cs/arm/4.7.3/bin/../lib/gcc/arm-none-eabi/4.7.3/../../../../arm-none-eabi/lib/armv7-m/crt0.o
 .data          0x00000000        0x0 c:/program files (x86)/cypress/psoc creator/3.0/psoc creator/import/gnu_cs/arm/4.7.3/bin/../lib/gcc/arm-none-eabi/4.7.3/../../../../arm-none-eabi/lib/armv7-m/crt0.o
 .bss           0x00000000        0x0 c:/program files (x86)/cypress/psoc creator/3.0/psoc creator/import/gnu_cs/arm/4.7.3/bin/../lib/gcc/arm-none-eabi/4.7.3/../../../../arm-none-eabi/lib/armv7-m/crt0.o
 .ARM.extab     0x00000000        0x0 c:/program files (x86)/cypress/psoc creator/3.0/psoc creator/import/gnu_cs/arm/4.7.3/bin/../lib/gcc/arm-none-eabi/4.7.3/../../../../arm-none-eabi/lib/armv7-m/crt0.o
 .ARM.exidx     0x00000000        0x8 c:/program files (x86)/cypress/psoc creator/3.0/psoc creator/import/gnu_cs/arm/4.7.3/bin/../lib/gcc/arm-none-eabi/4.7.3/../../../../arm-none-eabi/lib/armv7-m/crt0.o
 .text          0x00000000        0x0 .\CortexM3\ARM_GCC_473\Debug\main.o
 .data          0x00000000        0x0 .\CortexM3\ARM_GCC_473\Debug\main.o
 .bss           0x00000000        0x0 .\CortexM3\ARM_GCC_473\Debug\main.o
 .text          0x00000000        0x0 .\CortexM3\ARM_GCC_473\Debug\cymetadata.o
 .data          0x00000000        0x0 .\CortexM3\ARM_GCC_473\Debug\cymetadata.o
 .bss           0x00000000        0x0 .\CortexM3\ARM_GCC_473\Debug\cymetadata.o
 .text          0x00000000        0x0 .\CortexM3\ARM_GCC_473\Debug\Cm3Start.o
 .data          0x00000000        0x0 .\CortexM3\ARM_GCC_473\Debug\Cm3Start.o
 .bss           0x00000000        0x0 .\CortexM3\ARM_GCC_473\Debug\Cm3Start.o
 .text._exit    0x00000000       0x30 .\CortexM3\ARM_GCC_473\Debug\Cm3Start.o
 .text          0x00000000        0x0 .\CortexM3\ARM_GCC_473\Debug\1 - Hello World.a(cyfitter_cfg.o)
 .data          0x00000000        0x0 .\CortexM3\ARM_GCC_473\Debug\1 - Hello World.a(cyfitter_cfg.o)
 .bss           0x00000000        0x0 .\CortexM3\ARM_GCC_473\Debug\1 - Hello World.a(cyfitter_cfg.o)
 .text.CYCONFIGCPYCODE
                0x00000000       0x20 .\CortexM3\ARM_GCC_473\Debug\1 - Hello World.a(cyfitter_cfg.o)
 .text.SetAnalogRoutingPumps
                0x00000000       0x34 .\CortexM3\ARM_GCC_473\Debug\1 - Hello World.a(cyfitter_cfg.o)
 .text          0x00000000        0x0 .\CortexM3\ARM_GCC_473\Debug\1 - Hello World.a(LCD.o)
 .data          0x00000000        0x0 .\CortexM3\ARM_GCC_473\Debug\1 - Hello World.a(LCD.o)
 .bss           0x00000000        0x2 .\CortexM3\ARM_GCC_473\Debug\1 - Hello World.a(LCD.o)
 .text.LCD_Enable
                0x00000000       0x1c .\CortexM3\ARM_GCC_473\Debug\1 - Hello World.a(LCD.o)
 .text.LCD_Start
                0x00000000       0x2c .\CortexM3\ARM_GCC_473\Debug\1 - Hello World.a(LCD.o)
 .text.LCD_Stop
                0x00000000       0x1c .\CortexM3\ARM_GCC_473\Debug\1 - Hello World.a(LCD.o)
 .text.LCD_PrintInt8
                0x00000000       0x44 .\CortexM3\ARM_GCC_473\Debug\1 - Hello World.a(LCD.o)
 .text.LCD_PrintInt16
                0x00000000       0x2c .\CortexM3\ARM_GCC_473\Debug\1 - Hello World.a(LCD.o)
 .text.LCD_PrintInt32
                0x00000000       0x38 .\CortexM3\ARM_GCC_473\Debug\1 - Hello World.a(LCD.o)
 .text.LCD_PrintU32Number
                0x00000000       0xcc .\CortexM3\ARM_GCC_473\Debug\1 - Hello World.a(LCD.o)
 .rodata        0x00000000       0x10 .\CortexM3\ARM_GCC_473\Debug\1 - Hello World.a(LCD.o)
 .text          0x00000000        0x0 .\CortexM3\ARM_GCC_473\Debug\1 - Hello World.a(LCD_CustChars.o)
 .data          0x00000000        0x0 .\CortexM3\ARM_GCC_473\Debug\1 - Hello World.a(LCD_CustChars.o)
 .bss           0x00000000        0x0 .\CortexM3\ARM_GCC_473\Debug\1 - Hello World.a(LCD_CustChars.o)
 .data          0x00000000        0x0 .\CortexM3\ARM_GCC_473\Debug\1 - Hello World.a(CyBootAsmGnu.o)
 .bss           0x00000000        0x0 .\CortexM3\ARM_GCC_473\Debug\1 - Hello World.a(CyBootAsmGnu.o)
 .text          0x00000000        0x0 .\CortexM3\ARM_GCC_473\Debug\1 - Hello World.a(CyLib.o)
 .bss           0x00000000        0x0 .\CortexM3\ARM_GCC_473\Debug\1 - Hello World.a(CyLib.o)
 .text.CyPLL_OUT_Start
                0x00000000       0xe0 .\CortexM3\ARM_GCC_473\Debug\1 - Hello World.a(CyLib.o)
 .text.CyPLL_OUT_Stop
                0x00000000       0x28 .\CortexM3\ARM_GCC_473\Debug\1 - Hello World.a(CyLib.o)
 .text.CyPLL_OUT_SetPQ
                0x00000000       0xac .\CortexM3\ARM_GCC_473\Debug\1 - Hello World.a(CyLib.o)
 .text.CyPLL_OUT_SetSource
                0x00000000       0x60 .\CortexM3\ARM_GCC_473\Debug\1 - Hello World.a(CyLib.o)
 .text.CyIMO_Start
                0x00000000       0xbc .\CortexM3\ARM_GCC_473\Debug\1 - Hello World.a(CyLib.o)
 .text.CyIMO_Stop
                0x00000000       0x44 .\CortexM3\ARM_GCC_473\Debug\1 - Hello World.a(CyLib.o)
 .text.CyUSB_PowerOnCheck
                0x00000000       0x70 .\CortexM3\ARM_GCC_473\Debug\1 - Hello World.a(CyLib.o)
 .text.CyIMO_SetTrimValue
                0x00000000      0x160 .\CortexM3\ARM_GCC_473\Debug\1 - Hello World.a(CyLib.o)
 .text.CyIMO_SetFreq
                0x00000000      0x224 .\CortexM3\ARM_GCC_473\Debug\1 - Hello World.a(CyLib.o)
 .text.CyIMO_SetSource
                0x00000000       0xb0 .\CortexM3\ARM_GCC_473\Debug\1 - Hello World.a(CyLib.o)
 .text.CyIMO_EnableDoubler
                0x00000000       0x28 .\CortexM3\ARM_GCC_473\Debug\1 - Hello World.a(CyLib.o)
 .text.CyIMO_DisableDoubler
                0x00000000       0x28 .\CortexM3\ARM_GCC_473\Debug\1 - Hello World.a(CyLib.o)
 .text.CyMasterClk_SetSource
                0x00000000       0x3c .\CortexM3\ARM_GCC_473\Debug\1 - Hello World.a(CyLib.o)
 .text.CyMasterClk_SetDivider
                0x00000000       0x20 .\CortexM3\ARM_GCC_473\Debug\1 - Hello World.a(CyLib.o)
 .text.CyBusClk_Internal_SetDivider
                0x00000000       0x98 .\CortexM3\ARM_GCC_473\Debug\1 - Hello World.a(CyLib.o)
 .text.CyBusClk_SetDivider
                0x00000000       0xd0 .\CortexM3\ARM_GCC_473\Debug\1 - Hello World.a(CyLib.o)
 .text.CyUsbClk_SetSource
                0x00000000       0x3c .\CortexM3\ARM_GCC_473\Debug\1 - Hello World.a(CyLib.o)
 .text.CyILO_Start1K
                0x00000000       0x28 .\CortexM3\ARM_GCC_473\Debug\1 - Hello World.a(CyLib.o)
 .text.CyILO_Stop1K
                0x00000000       0x28 .\CortexM3\ARM_GCC_473\Debug\1 - Hello World.a(CyLib.o)
 .text.CyILO_Start100K
                0x00000000       0x28 .\CortexM3\ARM_GCC_473\Debug\1 - Hello World.a(CyLib.o)
 .text.CyILO_Stop100K
                0x00000000       0x28 .\CortexM3\ARM_GCC_473\Debug\1 - Hello World.a(CyLib.o)
 .text.CyILO_Enable33K
                0x00000000       0x28 .\CortexM3\ARM_GCC_473\Debug\1 - Hello World.a(CyLib.o)
 .text.CyILO_Disable33K
                0x00000000       0x28 .\CortexM3\ARM_GCC_473\Debug\1 - Hello World.a(CyLib.o)
 .text.CyILO_SetSource
                0x00000000       0x3c .\CortexM3\ARM_GCC_473\Debug\1 - Hello World.a(CyLib.o)
 .text.CyILO_SetPowerMode
                0x00000000       0x5c .\CortexM3\ARM_GCC_473\Debug\1 - Hello World.a(CyLib.o)
 .text.CyXTAL_32KHZ_Start
                0x00000000       0xa4 .\CortexM3\ARM_GCC_473\Debug\1 - Hello World.a(CyLib.o)
 .text.CyXTAL_32KHZ_Stop
                0x00000000       0x64 .\CortexM3\ARM_GCC_473\Debug\1 - Hello World.a(CyLib.o)
 .text.CyXTAL_32KHZ_ReadStatus
                0x00000000       0x20 .\CortexM3\ARM_GCC_473\Debug\1 - Hello World.a(CyLib.o)
 .text.CyXTAL_32KHZ_SetPowerMode
                0x00000000       0xfc .\CortexM3\ARM_GCC_473\Debug\1 - Hello World.a(CyLib.o)
 .text.CyXTAL_Start
                0x00000000      0x108 .\CortexM3\ARM_GCC_473\Debug\1 - Hello World.a(CyLib.o)
 .text.CyXTAL_Stop
                0x00000000       0x28 .\CortexM3\ARM_GCC_473\Debug\1 - Hello World.a(CyLib.o)
 .text.CyXTAL_EnableErrStatus
                0x00000000       0x28 .\CortexM3\ARM_GCC_473\Debug\1 - Hello World.a(CyLib.o)
 .text.CyXTAL_DisableErrStatus
                0x00000000       0x28 .\CortexM3\ARM_GCC_473\Debug\1 - Hello World.a(CyLib.o)
 .text.CyXTAL_ReadStatus
                0x00000000       0x2c .\CortexM3\ARM_GCC_473\Debug\1 - Hello World.a(CyLib.o)
 .text.CyXTAL_EnableFaultRecovery
                0x00000000       0x28 .\CortexM3\ARM_GCC_473\Debug\1 - Hello World.a(CyLib.o)
 .text.CyXTAL_DisableFaultRecovery
                0x00000000       0x28 .\CortexM3\ARM_GCC_473\Debug\1 - Hello World.a(CyLib.o)
 .text.CyXTAL_SetStartup
                0x00000000       0x3c .\CortexM3\ARM_GCC_473\Debug\1 - Hello World.a(CyLib.o)
 .text.CyXTAL_SetFbVoltage
                0x00000000       0x3c .\CortexM3\ARM_GCC_473\Debug\1 - Hello World.a(CyLib.o)
 .text.CyXTAL_SetWdVoltage
                0x00000000       0x44 .\CortexM3\ARM_GCC_473\Debug\1 - Hello World.a(CyLib.o)
 .text.CyHalt   0x00000000       0x18 .\CortexM3\ARM_GCC_473\Debug\1 - Hello World.a(CyLib.o)
 .text.CySoftwareReset
                0x00000000       0x28 .\CortexM3\ARM_GCC_473\Debug\1 - Hello World.a(CyLib.o)
 .text.CyDelayFreq
                0x00000000       0xa8 .\CortexM3\ARM_GCC_473\Debug\1 - Hello World.a(CyLib.o)
 .text.CyWdtStart
                0x00000000       0xc4 .\CortexM3\ARM_GCC_473\Debug\1 - Hello World.a(CyLib.o)
 .text.CyWdtClear
                0x00000000       0x18 .\CortexM3\ARM_GCC_473\Debug\1 - Hello World.a(CyLib.o)
 .text.CyVdLvDigitEnable
                0x00000000       0xf4 .\CortexM3\ARM_GCC_473\Debug\1 - Hello World.a(CyLib.o)
 .text.CyVdLvAnalogEnable
                0x00000000       0xf4 .\CortexM3\ARM_GCC_473\Debug\1 - Hello World.a(CyLib.o)
 .text.CyVdLvDigitDisable
                0x00000000       0x58 .\CortexM3\ARM_GCC_473\Debug\1 - Hello World.a(CyLib.o)
 .text.CyVdLvAnalogDisable
                0x00000000       0x58 .\CortexM3\ARM_GCC_473\Debug\1 - Hello World.a(CyLib.o)
 .text.CyVdHvAnalogEnable
                0x00000000       0x7c .\CortexM3\ARM_GCC_473\Debug\1 - Hello World.a(CyLib.o)
 .text.CyVdHvAnalogDisable
                0x00000000       0x28 .\CortexM3\ARM_GCC_473\Debug\1 - Hello World.a(CyLib.o)
 .text.CyVdStickyStatus
                0x00000000       0x48 .\CortexM3\ARM_GCC_473\Debug\1 - Hello World.a(CyLib.o)
 .text.CyVdRealTimeStatus
                0x00000000       0x30 .\CortexM3\ARM_GCC_473\Debug\1 - Hello World.a(CyLib.o)
 .text.CyDisableInts
                0x00000000       0x3c .\CortexM3\ARM_GCC_473\Debug\1 - Hello World.a(CyLib.o)
 .text.CyEnableInts
                0x00000000       0x2c .\CortexM3\ARM_GCC_473\Debug\1 - Hello World.a(CyLib.o)
 .text.CyFlushCache
                0x00000000       0x7c .\CortexM3\ARM_GCC_473\Debug\1 - Hello World.a(CyLib.o)
 .text.CyIntSetSysVector
                0x00000000       0x58 .\CortexM3\ARM_GCC_473\Debug\1 - Hello World.a(CyLib.o)
 .text.CyIntGetSysVector
                0x00000000       0x40 .\CortexM3\ARM_GCC_473\Debug\1 - Hello World.a(CyLib.o)
 .text.CyIntSetVector
                0x00000000       0x60 .\CortexM3\ARM_GCC_473\Debug\1 - Hello World.a(CyLib.o)
 .text.CyIntGetVector
                0x00000000       0x44 .\CortexM3\ARM_GCC_473\Debug\1 - Hello World.a(CyLib.o)
 .text.CyIntSetPriority
                0x00000000       0x4c .\CortexM3\ARM_GCC_473\Debug\1 - Hello World.a(CyLib.o)
 .text.CyIntGetPriority
                0x00000000       0x3c .\CortexM3\ARM_GCC_473\Debug\1 - Hello World.a(CyLib.o)
 .text.CyIntGetState
                0x00000000       0x48 .\CortexM3\ARM_GCC_473\Debug\1 - Hello World.a(CyLib.o)
 .text          0x00000000        0x0 .\CortexM3\ARM_GCC_473\Debug\1 - Hello World.a(cyPm.o)
 .data          0x00000000        0x0 .\CortexM3\ARM_GCC_473\Debug\1 - Hello World.a(cyPm.o)
 .bss           0x00000000       0x44 .\CortexM3\ARM_GCC_473\Debug\1 - Hello World.a(cyPm.o)
 .rodata        0x00000000       0x10 .\CortexM3\ARM_GCC_473\Debug\1 - Hello World.a(cyPm.o)
 .text.CyPmSaveClocks
                0x00000000      0x3ac .\CortexM3\ARM_GCC_473\Debug\1 - Hello World.a(cyPm.o)
 .text.CyPmRestoreClocks
                0x00000000      0x424 .\CortexM3\ARM_GCC_473\Debug\1 - Hello World.a(cyPm.o)
 .text.CyPmAltAct
                0x00000000      0x118 .\CortexM3\ARM_GCC_473\Debug\1 - Hello World.a(cyPm.o)
 .text.CyPmSleep
                0x00000000      0x21c .\CortexM3\ARM_GCC_473\Debug\1 - Hello World.a(cyPm.o)
 .text.CyPmHibernate
                0x00000000      0x1f0 .\CortexM3\ARM_GCC_473\Debug\1 - Hello World.a(cyPm.o)
 .text.CyPmReadStatus
                0x00000000       0x78 .\CortexM3\ARM_GCC_473\Debug\1 - Hello World.a(cyPm.o)
 .text.CyPmHibSaveSet
                0x00000000      0x138 .\CortexM3\ARM_GCC_473\Debug\1 - Hello World.a(cyPm.o)
 .text.CyPmHibRestore
                0x00000000       0x94 .\CortexM3\ARM_GCC_473\Debug\1 - Hello World.a(cyPm.o)
 .text.CyPmCtwSetInterval
                0x00000000       0xd8 .\CortexM3\ARM_GCC_473\Debug\1 - Hello World.a(cyPm.o)
 .text.CyPmOppsSet
                0x00000000       0x58 .\CortexM3\ARM_GCC_473\Debug\1 - Hello World.a(cyPm.o)
 .text.CyPmFtwSetInterval
                0x00000000       0xd8 .\CortexM3\ARM_GCC_473\Debug\1 - Hello World.a(cyPm.o)
 .text.CyPmHibSlpSaveSet
                0x00000000      0x458 .\CortexM3\ARM_GCC_473\Debug\1 - Hello World.a(cyPm.o)
 .text.CyPmHibSlpRestore
                0x00000000      0x270 .\CortexM3\ARM_GCC_473\Debug\1 - Hello World.a(cyPm.o)
 .text.CyPmHviLviSaveDisable
                0x00000000      0x13c .\CortexM3\ARM_GCC_473\Debug\1 - Hello World.a(cyPm.o)
 .text.CyPmHviLviRestore
                0x00000000       0x7c .\CortexM3\ARM_GCC_473\Debug\1 - Hello World.a(cyPm.o)
 .text          0x00000000        0x0 .\CortexM3\ARM_GCC_473\Debug\1 - Hello World.a(CyFlash.o)
 .data          0x00000000        0x0 .\CortexM3\ARM_GCC_473\Debug\1 - Hello World.a(CyFlash.o)
 .bss           0x00000000        0x4 .\CortexM3\ARM_GCC_473\Debug\1 - Hello World.a(CyFlash.o)
 .text.CyFlash_Start
                0x00000000       0x48 .\CortexM3\ARM_GCC_473\Debug\1 - Hello World.a(CyFlash.o)
 .text.CyFlash_Stop
                0x00000000       0x44 .\CortexM3\ARM_GCC_473\Debug\1 - Hello World.a(CyFlash.o)
 .text.CySetTempInt
                0x00000000       0x90 .\CortexM3\ARM_GCC_473\Debug\1 - Hello World.a(CyFlash.o)
 .text.CySetTemp
                0x00000000       0x24 .\CortexM3\ARM_GCC_473\Debug\1 - Hello World.a(CyFlash.o)
 .text.CySetFlashEEBuffer
                0x00000000       0x78 .\CortexM3\ARM_GCC_473\Debug\1 - Hello World.a(CyFlash.o)
 .text.CyWriteRowData
                0x00000000       0xbc .\CortexM3\ARM_GCC_473\Debug\1 - Hello World.a(CyFlash.o)
 .text.CyWriteRowFull
                0x00000000      0x120 .\CortexM3\ARM_GCC_473\Debug\1 - Hello World.a(CyFlash.o)
 .text.CyFlash_SetWaitCycles
                0x00000000       0xc0 .\CortexM3\ARM_GCC_473\Debug\1 - Hello World.a(CyFlash.o)
 .text.CyEEPROM_Start
                0x00000000       0x44 .\CortexM3\ARM_GCC_473\Debug\1 - Hello World.a(CyFlash.o)
 .text.CyEEPROM_Stop
                0x00000000       0x44 .\CortexM3\ARM_GCC_473\Debug\1 - Hello World.a(CyFlash.o)
 .text.CyEEPROM_ReadReserve
                0x00000000       0x3c .\CortexM3\ARM_GCC_473\Debug\1 - Hello World.a(CyFlash.o)
 .text.CyEEPROM_ReadRelease
                0x00000000       0x28 .\CortexM3\ARM_GCC_473\Debug\1 - Hello World.a(CyFlash.o)
 COMMON         0x00000000        0x2 .\CortexM3\ARM_GCC_473\Debug\1 - Hello World.a(CyFlash.o)
 .text          0x00000000        0x0 .\CortexM3\ARM_GCC_473\Debug\1 - Hello World.a(CySpc.o)
 .data          0x00000000        0x0 .\CortexM3\ARM_GCC_473\Debug\1 - Hello World.a(CySpc.o)
 .bss           0x00000000        0x8 .\CortexM3\ARM_GCC_473\Debug\1 - Hello World.a(CySpc.o)
 .text.CySpcStart
                0x00000000       0x58 .\CortexM3\ARM_GCC_473\Debug\1 - Hello World.a(CySpc.o)
 .text.CySpcStop
                0x00000000       0x58 .\CortexM3\ARM_GCC_473\Debug\1 - Hello World.a(CySpc.o)
 .text.CySpcReadData
                0x00000000       0x64 .\CortexM3\ARM_GCC_473\Debug\1 - Hello World.a(CySpc.o)
 .text.CySpcLoadMultiByte
                0x00000000      0x11c .\CortexM3\ARM_GCC_473\Debug\1 - Hello World.a(CySpc.o)
 .text.CySpcLoadRow
                0x00000000       0xbc .\CortexM3\ARM_GCC_473\Debug\1 - Hello World.a(CySpc.o)
 .text.CySpcWriteRow
                0x00000000       0xcc .\CortexM3\ARM_GCC_473\Debug\1 - Hello World.a(CySpc.o)
 .text.CySpcEraseSector
                0x00000000       0x9c .\CortexM3\ARM_GCC_473\Debug\1 - Hello World.a(CySpc.o)
 .text.CySpcGetTemp
                0x00000000       0x8c .\CortexM3\ARM_GCC_473\Debug\1 - Hello World.a(CySpc.o)
 .text.CySpcLock
                0x00000000       0x88 .\CortexM3\ARM_GCC_473\Debug\1 - Hello World.a(CySpc.o)
 .text.CySpcUnlock
                0x00000000       0x68 .\CortexM3\ARM_GCC_473\Debug\1 - Hello World.a(CySpc.o)
 .text          0x00000000        0x0 c:/program files (x86)/cypress/psoc creator/3.0/psoc creator/import/gnu_cs/arm/4.7.3/bin/../lib/gcc/arm-none-eabi/4.7.3/../../../../arm-none-eabi/lib/armv7-m\libc_s.a(lib_a-__atexit2.o)
 .data          0x00000000        0x0 c:/program files (x86)/cypress/psoc creator/3.0/psoc creator/import/gnu_cs/arm/4.7.3/bin/../lib/gcc/arm-none-eabi/4.7.3/../../../../arm-none-eabi/lib/armv7-m\libc_s.a(lib_a-__atexit2.o)
 .bss           0x00000000        0x0 c:/program files (x86)/cypress/psoc creator/3.0/psoc creator/import/gnu_cs/arm/4.7.3/bin/../lib/gcc/arm-none-eabi/4.7.3/../../../../arm-none-eabi/lib/armv7-m\libc_s.a(lib_a-__atexit2.o)
 .text.__register_exitproc
                0x00000000       0x14 c:/program files (x86)/cypress/psoc creator/3.0/psoc creator/import/gnu_cs/arm/4.7.3/bin/../lib/gcc/arm-none-eabi/4.7.3/../../../../arm-none-eabi/lib/armv7-m\libc_s.a(lib_a-__atexit2.o)
 .text          0x00000000        0x0 c:/program files (x86)/cypress/psoc creator/3.0/psoc creator/import/gnu_cs/arm/4.7.3/bin/../lib/gcc/arm-none-eabi/4.7.3/../../../../arm-none-eabi/lib/armv7-m\libc_s.a(lib_a-exit.o)
 .data          0x00000000        0x0 c:/program files (x86)/cypress/psoc creator/3.0/psoc creator/import/gnu_cs/arm/4.7.3/bin/../lib/gcc/arm-none-eabi/4.7.3/../../../../arm-none-eabi/lib/armv7-m\libc_s.a(lib_a-exit.o)
 .bss           0x00000000        0x0 c:/program files (x86)/cypress/psoc creator/3.0/psoc creator/import/gnu_cs/arm/4.7.3/bin/../lib/gcc/arm-none-eabi/4.7.3/../../../../arm-none-eabi/lib/armv7-m\libc_s.a(lib_a-exit.o)
 .text.exit     0x00000000       0x2c c:/program files (x86)/cypress/psoc creator/3.0/psoc creator/import/gnu_cs/arm/4.7.3/bin/../lib/gcc/arm-none-eabi/4.7.3/../../../../arm-none-eabi/lib/armv7-m\libc_s.a(lib_a-exit.o)
 .text          0x00000000        0x0 c:/program files (x86)/cypress/psoc creator/3.0/psoc creator/import/gnu_cs/arm/4.7.3/bin/../lib/gcc/arm-none-eabi/4.7.3/../../../../arm-none-eabi/lib/armv7-m\libc_s.a(lib_a-fini.o)
 .data          0x00000000        0x0 c:/program files (x86)/cypress/psoc creator/3.0/psoc creator/import/gnu_cs/arm/4.7.3/bin/../lib/gcc/arm-none-eabi/4.7.3/../../../../arm-none-eabi/lib/armv7-m\libc_s.a(lib_a-fini.o)
 .bss           0x00000000        0x0 c:/program files (x86)/cypress/psoc creator/3.0/psoc creator/import/gnu_cs/arm/4.7.3/bin/../lib/gcc/arm-none-eabi/4.7.3/../../../../arm-none-eabi/lib/armv7-m\libc_s.a(lib_a-fini.o)
 .text.__libc_fini_array
                0x00000000       0x2c c:/program files (x86)/cypress/psoc creator/3.0/psoc creator/import/gnu_cs/arm/4.7.3/bin/../lib/gcc/arm-none-eabi/4.7.3/../../../../arm-none-eabi/lib/armv7-m\libc_s.a(lib_a-fini.o)
 .text          0x00000000        0x0 c:/program files (x86)/cypress/psoc creator/3.0/psoc creator/import/gnu_cs/arm/4.7.3/bin/../lib/gcc/arm-none-eabi/4.7.3/../../../../arm-none-eabi/lib/armv7-m\libc_s.a(lib_a-impure.o)
 .data          0x00000000        0x0 c:/program files (x86)/cypress/psoc creator/3.0/psoc creator/import/gnu_cs/arm/4.7.3/bin/../lib/gcc/arm-none-eabi/4.7.3/../../../../arm-none-eabi/lib/armv7-m\libc_s.a(lib_a-impure.o)
 .bss           0x00000000        0x0 c:/program files (x86)/cypress/psoc creator/3.0/psoc creator/import/gnu_cs/arm/4.7.3/bin/../lib/gcc/arm-none-eabi/4.7.3/../../../../arm-none-eabi/lib/armv7-m\libc_s.a(lib_a-impure.o)
 .data.impure_data
                0x00000000       0x64 c:/program files (x86)/cypress/psoc creator/3.0/psoc creator/import/gnu_cs/arm/4.7.3/bin/../lib/gcc/arm-none-eabi/4.7.3/../../../../arm-none-eabi/lib/armv7-m\libc_s.a(lib_a-impure.o)
 .data._impure_ptr
                0x00000000        0x4 c:/program files (x86)/cypress/psoc creator/3.0/psoc creator/import/gnu_cs/arm/4.7.3/bin/../lib/gcc/arm-none-eabi/4.7.3/../../../../arm-none-eabi/lib/armv7-m\libc_s.a(lib_a-impure.o)
 .rodata.str1.1
                0x00000000        0x2 c:/program files (x86)/cypress/psoc creator/3.0/psoc creator/import/gnu_cs/arm/4.7.3/bin/../lib/gcc/arm-none-eabi/4.7.3/../../../../arm-none-eabi/lib/armv7-m\libc_s.a(lib_a-impure.o)
 .rodata._global_impure_ptr
                0x00000000        0x4 c:/program files (x86)/cypress/psoc creator/3.0/psoc creator/import/gnu_cs/arm/4.7.3/bin/../lib/gcc/arm-none-eabi/4.7.3/../../../../arm-none-eabi/lib/armv7-m\libc_s.a(lib_a-impure.o)
 .text          0x00000000        0x0 c:/program files (x86)/cypress/psoc creator/3.0/psoc creator/import/gnu_cs/arm/4.7.3/bin/../lib/gcc/arm-none-eabi/4.7.3/../../../../arm-none-eabi/lib/armv7-m\libc_s.a(lib_a-init.o)
 .data          0x00000000        0x0 c:/program files (x86)/cypress/psoc creator/3.0/psoc creator/import/gnu_cs/arm/4.7.3/bin/../lib/gcc/arm-none-eabi/4.7.3/../../../../arm-none-eabi/lib/armv7-m\libc_s.a(lib_a-init.o)
 .bss           0x00000000        0x0 c:/program files (x86)/cypress/psoc creator/3.0/psoc creator/import/gnu_cs/arm/4.7.3/bin/../lib/gcc/arm-none-eabi/4.7.3/../../../../arm-none-eabi/lib/armv7-m\libc_s.a(lib_a-init.o)
 .text          0x00000000        0x0 c:/program files (x86)/cypress/psoc creator/3.0/psoc creator/import/gnu_cs/arm/4.7.3/bin/../lib/gcc/arm-none-eabi/4.7.3/../../../../arm-none-eabi/lib/armv7-m\libc_s.a(lib_a-memcpy.o)
 .data          0x00000000        0x0 c:/program files (x86)/cypress/psoc creator/3.0/psoc creator/import/gnu_cs/arm/4.7.3/bin/../lib/gcc/arm-none-eabi/4.7.3/../../../../arm-none-eabi/lib/armv7-m\libc_s.a(lib_a-memcpy.o)
 .bss           0x00000000        0x0 c:/program files (x86)/cypress/psoc creator/3.0/psoc creator/import/gnu_cs/arm/4.7.3/bin/../lib/gcc/arm-none-eabi/4.7.3/../../../../arm-none-eabi/lib/armv7-m\libc_s.a(lib_a-memcpy.o)
 .text          0x00000000        0x0 c:/program files (x86)/cypress/psoc creator/3.0/psoc creator/import/gnu_cs/arm/4.7.3/bin/../lib/gcc/arm-none-eabi/4.7.3/../../../../arm-none-eabi/lib/armv7-m\libc_s.a(lib_a-memset.o)
 .data          0x00000000        0x0 c:/program files (x86)/cypress/psoc creator/3.0/psoc creator/import/gnu_cs/arm/4.7.3/bin/../lib/gcc/arm-none-eabi/4.7.3/../../../../arm-none-eabi/lib/armv7-m\libc_s.a(lib_a-memset.o)
 .bss           0x00000000        0x0 c:/program files (x86)/cypress/psoc creator/3.0/psoc creator/import/gnu_cs/arm/4.7.3/bin/../lib/gcc/arm-none-eabi/4.7.3/../../../../arm-none-eabi/lib/armv7-m\libc_s.a(lib_a-memset.o)
 .text          0x00000000        0x0 c:/program files (x86)/cypress/psoc creator/3.0/psoc creator/import/gnu_cs/arm/4.7.3/bin/../lib/gcc/arm-none-eabi/4.7.3/armv7-m/crtend.o
 .data          0x00000000        0x0 c:/program files (x86)/cypress/psoc creator/3.0/psoc creator/import/gnu_cs/arm/4.7.3/bin/../lib/gcc/arm-none-eabi/4.7.3/armv7-m/crtend.o
 .bss           0x00000000        0x0 c:/program files (x86)/cypress/psoc creator/3.0/psoc creator/import/gnu_cs/arm/4.7.3/bin/../lib/gcc/arm-none-eabi/4.7.3/armv7-m/crtend.o
 .text          0x00000000        0x0 c:/program files (x86)/cypress/psoc creator/3.0/psoc creator/import/gnu_cs/arm/4.7.3/bin/../lib/gcc/arm-none-eabi/4.7.3/armv7-m/crtn.o
 .data          0x00000000        0x0 c:/program files (x86)/cypress/psoc creator/3.0/psoc creator/import/gnu_cs/arm/4.7.3/bin/../lib/gcc/arm-none-eabi/4.7.3/armv7-m/crtn.o
 .bss           0x00000000        0x0 c:/program files (x86)/cypress/psoc creator/3.0/psoc creator/import/gnu_cs/arm/4.7.3/bin/../lib/gcc/arm-none-eabi/4.7.3/armv7-m/crtn.o

Memory Configuration

Name             Origin             Length             Attributes
rom              0x00000000         0x00040000         xr
ram              0x1fff8000         0x00010000         xrw
*default*        0x00000000         0xffffffff

Linker script and memory map

LOAD c:/program files (x86)/cypress/psoc creator/3.0/psoc creator/import/gnu_cs/arm/4.7.3/bin/../lib/gcc/arm-none-eabi/4.7.3/armv7-m/crti.o
LOAD c:/program files (x86)/cypress/psoc creator/3.0/psoc creator/import/gnu_cs/arm/4.7.3/bin/../lib/gcc/arm-none-eabi/4.7.3/armv7-m/crtbegin.o
LOAD c:/program files (x86)/cypress/psoc creator/3.0/psoc creator/import/gnu_cs/arm/4.7.3/bin/../lib/gcc/arm-none-eabi/4.7.3/../../../../arm-none-eabi/lib/armv7-m/crt0.o
START GROUP
LOAD .\CortexM3\ARM_GCC_473\Debug\main.o
LOAD .\CortexM3\ARM_GCC_473\Debug\cymetadata.o
LOAD .\CortexM3\ARM_GCC_473\Debug\Cm3Start.o
LOAD .\CortexM3\ARM_GCC_473\Debug\1 - Hello World.a
LOAD C:\Program Files (x86)\Cypress\PSoC Creator\3.0\PSoC Creator\psoc\content\cycomponentlibrary\CyComponentLibrary.cylib\CortexM3\ARM_GCC_473\Debug\CyComponentLibrary.a
END GROUP
START GROUP
LOAD c:/program files (x86)/cypress/psoc creator/3.0/psoc creator/import/gnu_cs/arm/4.7.3/bin/../lib/gcc/arm-none-eabi/4.7.3/armv7-m\libgcc.a
LOAD c:/program files (x86)/cypress/psoc creator/3.0/psoc creator/import/gnu_cs/arm/4.7.3/bin/../lib/gcc/arm-none-eabi/4.7.3/../../../../arm-none-eabi/lib/armv7-m\libc_s.a
END GROUP
LOAD c:/program files (x86)/cypress/psoc creator/3.0/psoc creator/import/gnu_cs/arm/4.7.3/bin/../lib/gcc/arm-none-eabi/4.7.3/armv7-m/crtend.o
LOAD c:/program files (x86)/cypress/psoc creator/3.0/psoc creator/import/gnu_cs/arm/4.7.3/bin/../lib/gcc/arm-none-eabi/4.7.3/armv7-m/crtn.o
START GROUP
LOAD c:/program files (x86)/cypress/psoc creator/3.0/psoc creator/import/gnu_cs/arm/4.7.3/bin/../lib/gcc/arm-none-eabi/4.7.3/armv7-m\libgcc.a
LOAD c:/program files (x86)/cypress/psoc creator/3.0/psoc creator/import/gnu_cs/arm/4.7.3/bin/../lib/gcc/arm-none-eabi/4.7.3/../../../../arm-none-eabi/lib/armv7-m\libc.a
LOAD c:/program files (x86)/cypress/psoc creator/3.0/psoc creator/import/gnu_cs/arm/4.7.3/bin/../lib/gcc/arm-none-eabi/4.7.3/../../../../arm-none-eabi/lib/armv7-m\libnosys.a
END GROUP
                0x00000000                CY_APPL_ORIGIN = 0x0
                0x00000100                CY_FLASH_ROW_SIZE = 0x100
                0x00000020                CY_ECC_ROW_SIZE = 0x20
                0x00000000                CY_EE_IN_BTLDR = 0x0
                0x00000000                CY_APPL_LOADABLE = 0x0
                0x00000800                CY_EE_SIZE = 0x800
                0x00000001                CY_APPL_NUM = 0x1
                0x00000001                CY_APPL_MAX = 0x1
                0x00000040                CY_METADATA_SIZE = 0x40
                0x1fff8140                PROVIDE (__cy_heap_start, _end)
                0x00000001                PROVIDE (__cy_region_num, ((__cy_regions_end - __cy_regions) / 0x10))
                0x20008000                PROVIDE (__cy_stack, (ORIGIN (ram) + 0x10000))
                0x20004000                PROVIDE (__cy_heap_end, (__cy_stack - 0x4000))

.cybootloader   0x00000000        0x0
 *(.cybootloader)
                0x00000000                appl1_start = CY_APPL_ORIGIN?CY_APPL_ORIGIN:ALIGN (CY_FLASH_ROW_SIZE)
                0x0001ff00                appl2_start = (appl1_start + ALIGN ((((0x40000 - appl1_start) - (0x2 * CY_FLASH_ROW_SIZE)) / 0x2), CY_FLASH_ROW_SIZE))
                0x00000000                appl_start = (CY_APPL_NUM == 0x1)?appl1_start:appl2_start
                0x00000000                ecc_offset = ((appl_start / CY_FLASH_ROW_SIZE) * CY_ECC_ROW_SIZE)
                0x00000000                ee_offset = (CY_APPL_LOADABLE && ! (CY_EE_IN_BTLDR))?((CY_EE_SIZE / CY_APPL_MAX) * (CY_APPL_NUM - 0x1)):0x0
                0x00000800                ee_size = (CY_APPL_LOADABLE && ! (CY_EE_IN_BTLDR))?(CY_EE_SIZE / CY_APPL_MAX):CY_EE_SIZE
                0x00000000                PROVIDE (CY_ECC_OFFSET, ecc_offset)

.text           0x00000000      0xc26
 CREATE_OBJECT_SYMBOLS
                0x00000000                PROVIDE (__cy_interrupt_vector, RomVectors)
 *(.romvectors)
 .romvectors    0x00000000       0x10 .\CortexM3\ARM_GCC_473\Debug\Cm3Start.o
                0x00000000                RomVectors
                0x00000001                ASSERT ((. != __cy_interrupt_vector), No interrupt vector)
                0x00000001                ASSERT (CY_APPL_ORIGIN?(SIZEOF (.cybootloader) <= CY_APPL_ORIGIN):0x1, Wrong image location)
                0x00000010                PROVIDE (__cy_reset, Reset)
 *(.text.Reset)
 .text.Reset    0x00000010       0x1c .\CortexM3\ARM_GCC_473\Debug\Cm3Start.o
                0x00000010                Reset
                0x00000001                ASSERT ((. != __cy_reset), No reset code)
 *(.dma_init)
                0x00000001                ASSERT ((((appl_start + .) <= 0x10000) || 0x1), DMA Init must be within the first 64k of flash)
 *(.text .text.* .gnu.linkonce.t.*)
 .text          0x0000002c       0x54 c:/program files (x86)/cypress/psoc creator/3.0/psoc creator/import/gnu_cs/arm/4.7.3/bin/../lib/gcc/arm-none-eabi/4.7.3/armv7-m/crtbegin.o
 .text.main     0x00000080       0x90 .\CortexM3\ARM_GCC_473\Debug\main.o
                0x00000080                main
 .text.IntDefaultHandler
                0x00000110        0x8 .\CortexM3\ARM_GCC_473\Debug\Cm3Start.o
                0x00000110                IntDefaultHandler
 .text.Start_c  0x00000118       0xcc .\CortexM3\ARM_GCC_473\Debug\Cm3Start.o
                0x00000118                Start_c
 .text.initialize_psoc
                0x000001e4       0xb4 .\CortexM3\ARM_GCC_473\Debug\Cm3Start.o
                0x000001e4                initialize_psoc
 .text.CYMEMZERO
                0x00000298       0x20 .\CortexM3\ARM_GCC_473\Debug\1 - Hello World.a(cyfitter_cfg.o)
 .text.CYCONFIGCPY
                0x000002b8       0x20 .\CortexM3\ARM_GCC_473\Debug\1 - Hello World.a(cyfitter_cfg.o)
 .text.CyClockStartupError
                0x000002d8        0xc .\CortexM3\ARM_GCC_473\Debug\1 - Hello World.a(cyfitter_cfg.o)
 .text.ClockSetup
                0x000002e4      0x118 .\CortexM3\ARM_GCC_473\Debug\1 - Hello World.a(cyfitter_cfg.o)
 .text.AnalogSetDefault
                0x000003fc       0x50 .\CortexM3\ARM_GCC_473\Debug\1 - Hello World.a(cyfitter_cfg.o)
 .text.cyfitter_cfg
                0x0000044c      0x158 .\CortexM3\ARM_GCC_473\Debug\1 - Hello World.a(cyfitter_cfg.o)
                0x0000044c                cyfitter_cfg
 .text.LCD_Init
                0x000005a4       0x9c .\CortexM3\ARM_GCC_473\Debug\1 - Hello World.a(LCD.o)
                0x000005a4                LCD_Init
 .text.LCD_Position
                0x00000640       0x78 .\CortexM3\ARM_GCC_473\Debug\1 - Hello World.a(LCD.o)
                0x00000640                LCD_Position
 .text.LCD_PrintString
                0x000006b8       0x40 .\CortexM3\ARM_GCC_473\Debug\1 - Hello World.a(LCD.o)
                0x000006b8                LCD_PrintString
 .text.LCD_PutChar
                0x000006f8       0x1c .\CortexM3\ARM_GCC_473\Debug\1 - Hello World.a(LCD.o)
                0x000006f8                LCD_PutChar
 .text.LCD_WriteData
                0x00000714       0x38 .\CortexM3\ARM_GCC_473\Debug\1 - Hello World.a(LCD.o)
                0x00000714                LCD_WriteData
 .text.LCD_WriteControl
                0x0000074c       0x38 .\CortexM3\ARM_GCC_473\Debug\1 - Hello World.a(LCD.o)
                0x0000074c                LCD_WriteControl
 .text.LCD_IsReady
                0x00000784      0x208 .\CortexM3\ARM_GCC_473\Debug\1 - Hello World.a(LCD.o)
                0x00000784                LCD_IsReady
 .text.LCD_WrDatNib
                0x0000098c       0xb4 .\CortexM3\ARM_GCC_473\Debug\1 - Hello World.a(LCD.o)
 .text.LCD_WrCntrlNib
                0x00000a40       0x90 .\CortexM3\ARM_GCC_473\Debug\1 - Hello World.a(LCD.o)
 .text.LCD_LoadCustomFonts
                0x00000ad0       0x4c .\CortexM3\ARM_GCC_473\Debug\1 - Hello World.a(LCD_CustChars.o)
                0x00000ad0                LCD_LoadCustomFonts
 *fill*         0x00000b1c        0x4 00
 .text          0x00000b20       0x28 .\CortexM3\ARM_GCC_473\Debug\1 - Hello World.a(CyBootAsmGnu.o)
                0x00000b20                CyDelayCycles
                0x00000b34                CyEnterCriticalSection
                0x00000b3c                CyExitCriticalSection
 .text.CyDelay  0x00000b48       0x48 .\CortexM3\ARM_GCC_473\Debug\1 - Hello World.a(CyLib.o)
                0x00000b48                CyDelay
 .text.CyDelayUs
                0x00000b90       0x28 .\CortexM3\ARM_GCC_473\Debug\1 - Hello World.a(CyLib.o)
                0x00000b90                CyDelayUs
 .text.__libc_init_array
                0x00000bb8       0x4c c:/program files (x86)/cypress/psoc creator/3.0/psoc creator/import/gnu_cs/arm/4.7.3/bin/../lib/gcc/arm-none-eabi/4.7.3/../../../../arm-none-eabi/lib/armv7-m\libc_s.a(lib_a-init.o)
                0x00000bb8                __libc_init_array
 .text.memcpy   0x00000c04       0x12 c:/program files (x86)/cypress/psoc creator/3.0/psoc creator/import/gnu_cs/arm/4.7.3/bin/../lib/gcc/arm-none-eabi/4.7.3/../../../../arm-none-eabi/lib/armv7-m\libc_s.a(lib_a-memcpy.o)
                0x00000c04                memcpy
 .text.memset   0x00000c16       0x10 c:/program files (x86)/cypress/psoc creator/3.0/psoc creator/import/gnu_cs/arm/4.7.3/bin/../lib/gcc/arm-none-eabi/4.7.3/../../../../arm-none-eabi/lib/armv7-m\libc_s.a(lib_a-memset.o)
                0x00000c16                memset
 *(.plt)
 *(.gnu.warning)
 *(.glue_7t)
 .glue_7t       0x00000000        0x0 linker stubs
 *(.glue_7)
 .glue_7        0x00000000        0x0 linker stubs
 *(.vfp11_veneer)
 .vfp11_veneer  0x00000000        0x0 linker stubs
 *(.bootloader)
 *(.ARM.extab* .gnu.linkonce.armextab.*)
 *(.gcc_except_table)

.v4_bx          0x00000c28        0x0
 .v4_bx         0x00000000        0x0 linker stubs

.iplt           0x00000c28        0x0
 .iplt          0x00000000        0x0 c:/program files (x86)/cypress/psoc creator/3.0/psoc creator/import/gnu_cs/arm/4.7.3/bin/../lib/gcc/arm-none-eabi/4.7.3/armv7-m/crtbegin.o

.eh_frame_hdr
 *(.eh_frame_hdr)

.eh_frame       0x00000c28        0x4
 *(.eh_frame)
 .eh_frame      0x00000c28        0x0 c:/program files (x86)/cypress/psoc creator/3.0/psoc creator/import/gnu_cs/arm/4.7.3/bin/../lib/gcc/arm-none-eabi/4.7.3/armv7-m/crtbegin.o
 .eh_frame      0x00000c28        0x4 c:/program files (x86)/cypress/psoc creator/3.0/psoc creator/import/gnu_cs/arm/4.7.3/bin/../lib/gcc/arm-none-eabi/4.7.3/armv7-m/crtend.o
                0x00000c2c                PROVIDE (__exidx_start, .)

.ARM.exidx
 *(.ARM.exidx* .gnu.linkonce.armexidx.*)
                0x00000c2c                __exidx_end = .

.rodata         0x00000c2c       0xbc
 *(.rodata .rodata.* .gnu.linkonce.r.*)
 .rodata        0x00000c2c       0x10 .\CortexM3\ARM_GCC_473\Debug\main.o
 .rodata        0x00000c3c       0x38 .\CortexM3\ARM_GCC_473\Debug\1 - Hello World.a(cyfitter_cfg.o)
 .rodata        0x00000c74       0x40 .\CortexM3\ARM_GCC_473\Debug\1 - Hello World.a(LCD_CustChars.o)
                0x00000c74                LCD_customFonts
                0x00000cb4                . = ALIGN (0x4)
 *(.init)
 .init          0x00000cb4        0x4 c:/program files (x86)/cypress/psoc creator/3.0/psoc creator/import/gnu_cs/arm/4.7.3/bin/../lib/gcc/arm-none-eabi/4.7.3/armv7-m/crti.o
                0x00000cb4                _init
 .init          0x00000cb8        0x8 c:/program files (x86)/cypress/psoc creator/3.0/psoc creator/import/gnu_cs/arm/4.7.3/bin/../lib/gcc/arm-none-eabi/4.7.3/armv7-m/crtn.o
                0x00000cc0                . = ALIGN (0x4)
                0x00000cc0                __preinit_array_start = .
 *(.preinit_array)
                0x00000cc0                __preinit_array_end = .
                0x00000cc0                . = ALIGN (0x4)
                0x00000cc0                __init_array_start = .
 *(SORT(.init_array.*))
 *(.init_array)
 .init_array    0x00000cc0        0x4 c:/program files (x86)/cypress/psoc creator/3.0/psoc creator/import/gnu_cs/arm/4.7.3/bin/../lib/gcc/arm-none-eabi/4.7.3/armv7-m/crtbegin.o
 .init_array    0x00000cc4        0x4 .\CortexM3\ARM_GCC_473\Debug\Cm3Start.o
                0x00000cc8                __init_array_end = .
                0x00000cc8                . = ALIGN (0x4)
 *(.fini)
 .fini          0x00000cc8        0x4 c:/program files (x86)/cypress/psoc creator/3.0/psoc creator/import/gnu_cs/arm/4.7.3/bin/../lib/gcc/arm-none-eabi/4.7.3/armv7-m/crti.o
                0x00000cc8                _fini
 .fini          0x00000ccc        0x8 c:/program files (x86)/cypress/psoc creator/3.0/psoc creator/import/gnu_cs/arm/4.7.3/bin/../lib/gcc/arm-none-eabi/4.7.3/armv7-m/crtn.o
                0x00000cd4                . = ALIGN (0x4)
                0x00000cd4                __fini_array_start = .
 *(.fini_array)
 .fini_array    0x00000cd4        0x4 c:/program files (x86)/cypress/psoc creator/3.0/psoc creator/import/gnu_cs/arm/4.7.3/bin/../lib/gcc/arm-none-eabi/4.7.3/armv7-m/crtbegin.o
 *(SORT(.fini_array.*))
                0x00000cd8                __fini_array_end = .
                0x00000cd8                . = ALIGN (0x4)
 *crtbegin.o(.ctors)
 *(EXCLUDE_FILE(*crtend.o) .ctors)
 *(SORT(.ctors.*))
 *crtend.o(.ctors)
                0x00000cd8                . = ALIGN (0x4)
 *crtbegin.o(.dtors)
 *(EXCLUDE_FILE(*crtend.o) .dtors)
 *(SORT(.dtors.*))
 *crtend.o(.dtors)
                0x00000cd8                . = ALIGN (0x4)
                0x00000cd8                __cy_regions = .
                0x00000cd8        0x4 LONG 0xce8 __cy_region_init_ram
                0x00000cdc        0x4 LONG 0x1fff8108 __cy_region_start_data
                0x00000ce0        0x4 LONG 0x18 __cy_region_init_size_ram
                0x00000ce4        0x4 LONG 0x20 __cy_region_zero_size_ram
                0x00000ce8                __cy_regions_end = .
                0x00000ce8                . = ALIGN (0x8)
                0x00000ce8                _etext = .

.ramvectors     0x1fff8000      0x100
                0x1fff8000                __cy_region_start_ram = .
 *(.ramvectors)
 .ramvectors    0x1fff8000      0x100 .\CortexM3\ARM_GCC_473\Debug\Cm3Start.o
                0x1fff8000                CyRamVectors

.noinit         0x1fff8100        0x5
 *(.noinit)
 .noinit        0x1fff8100        0x4 .\CortexM3\ARM_GCC_473\Debug\Cm3Start.o
 .noinit        0x1fff8104        0x1 .\CortexM3\ARM_GCC_473\Debug\1 - Hello World.a(CyLib.o)
                0x1fff8104                CyResetStatus

.data           0x1fff8108       0x18 load address 0x00000ce8
                0x1fff8108                __cy_region_start_data = .
 *(.jcr)
 .jcr           0x1fff8108        0x0 c:/program files (x86)/cypress/psoc creator/3.0/psoc creator/import/gnu_cs/arm/4.7.3/bin/../lib/gcc/arm-none-eabi/4.7.3/armv7-m/crtbegin.o
 .jcr           0x1fff8108        0x4 c:/program files (x86)/cypress/psoc creator/3.0/psoc creator/import/gnu_cs/arm/4.7.3/bin/../lib/gcc/arm-none-eabi/4.7.3/armv7-m/crtend.o
 *(.got.plt)
 *(.got)
 *(.shdata)
 *(.data .data.* .gnu.linkonce.d.*)
 .data          0x1fff810c       0x10 .\CortexM3\ARM_GCC_473\Debug\1 - Hello World.a(CyLib.o)
                0x1fff810c                cydelay_freq_hz
                0x1fff8110                cydelay_freq_khz
                0x1fff8114                cydelay_freq_mhz
                0x1fff8118                cydelay_32k_ms
                0x1fff8120                . = ALIGN (0x8)
 *fill*         0x1fff811c        0x4 00
 *(.ram)
                0x1fff8120                _edata = .

.igot.plt       0x1fff8120        0x0 load address 0x00000d00
 .igot.plt      0x00000000        0x0 c:/program files (x86)/cypress/psoc creator/3.0/psoc creator/import/gnu_cs/arm/4.7.3/bin/../lib/gcc/arm-none-eabi/4.7.3/armv7-m/crtbegin.o

.bss            0x1fff8120       0x20 load address 0x00000d00
                0x1fff8120                PROVIDE (__bss_start__, .)
 *(.shbss)
 *(.bss .bss.* .gnu.linkonce.b.*)
 .bss           0x1fff8120       0x1c c:/program files (x86)/cypress/psoc creator/3.0/psoc creator/import/gnu_cs/arm/4.7.3/bin/../lib/gcc/arm-none-eabi/4.7.3/armv7-m/crtbegin.o
 *(COMMON)
                0x1fff8140                . = ALIGN (0x8)
 *fill*         0x1fff813c        0x4 00
 *(.ram.b)
                0x1fff8140                _end = .
                0x1fff8140                __end = .
                0x1fff8140                PROVIDE (end, .)
                0x1fff8140                PROVIDE (__bss_end__, .)
                0x00000ce8                __cy_region_init_ram = LOADADDR (.data)
                0x00000018                __cy_region_init_size_ram = (_edata - ADDR (.data))
                0x00000020                __cy_region_zero_size_ram = (_end - _edata)

.heap           0x1fff8140     0x1000 load address 0x00000d00
                0x1fff8140                . = _end
                0x1fff9140                . = (. + 0x1000)
 *fill*         0x1fff8140     0x1000 00
                0x1fff9140                __cy_heap_limit = .

.stack          0x20004000     0x4000
                0x20004000                __cy_stack_limit = .
                0x20008000                . = (. + 0x4000)
 *fill*         0x20004000     0x4000 00
                0x00000001                ASSERT ((__cy_stack_limit >= __cy_heap_limit), region RAM overflowed with stack)

.cyloadermeta
 *(.cyloadermeta)

.cyloadablemeta
 *(.cyloadablemeta)

.cyconfigecc    0x80000000        0x8
 *(.cyconfigecc)
 .cyconfigecc   0x80000000        0x8 .\CortexM3\ARM_GCC_473\Debug\cymetadata.o
                0x80000000                cy_meta_configecc

.cycustnvl      0x90000000        0x4
 *(.cycustnvl)
 .cycustnvl     0x90000000        0x4 .\CortexM3\ARM_GCC_473\Debug\cymetadata.o
                0x90000000                cy_meta_custnvl

.cywolatch      0x90100000        0x4
 *(.cywolatch)
 .cywolatch     0x90100000        0x4 .\CortexM3\ARM_GCC_473\Debug\cymetadata.o
                0x90100000                cy_meta_wonvl

.cyeeprom       0x90200000        0x0
 *(.cyeeprom)
                0x00000001                ASSERT ((. <= ((0x90200000 + ee_offset) + ee_size)), .cyeeprom data will not fit in EEPROM)

.cyflashprotect
                0x90400000      0x100
 *(.cyflashprotect)
 .cyflashprotect
                0x90400000      0x100 .\CortexM3\ARM_GCC_473\Debug\cymetadata.o
                0x90400000                cy_meta_flashprotect

.cymeta         0x90500000        0xc
 *(.cymeta)
 .cymeta        0x90500000        0xc .\CortexM3\ARM_GCC_473\Debug\cymetadata.o
                0x90500000                cy_metadata

.rel.dyn        0x00000d00        0x0 load address 0x9050000c
 .rel.iplt      0x00000000        0x0 c:/program files (x86)/cypress/psoc creator/3.0/psoc creator/import/gnu_cs/arm/4.7.3/bin/../lib/gcc/arm-none-eabi/4.7.3/armv7-m/crtbegin.o

.stab
 *(.stab)

.stabstr
 *(.stabstr)

.debug
 *(.debug)

.line
 *(.line)

.debug_srcinfo
 *(.debug_srcinfo)

.debug_sfnames
 *(.debug_sfnames)

.debug_aranges  0x00000000      0x530
 *(.debug_aranges)
 .debug_aranges
                0x00000000       0x20 .\CortexM3\ARM_GCC_473\Debug\main.o
 .debug_aranges
                0x00000020       0x18 .\CortexM3\ARM_GCC_473\Debug\cymetadata.o
 .debug_aranges
                0x00000038       0x40 .\CortexM3\ARM_GCC_473\Debug\Cm3Start.o
 .debug_aranges
                0x00000078       0x58 .\CortexM3\ARM_GCC_473\Debug\1 - Hello World.a(cyfitter_cfg.o)
 .debug_aranges
                0x000000d0       0x98 .\CortexM3\ARM_GCC_473\Debug\1 - Hello World.a(LCD.o)
 .debug_aranges
                0x00000168       0x20 .\CortexM3\ARM_GCC_473\Debug\1 - Hello World.a(LCD_CustChars.o)
 .debug_aranges
                0x00000188       0x20 .\CortexM3\ARM_GCC_473\Debug\1 - Hello World.a(CyBootAsmGnu.o)
 .debug_aranges
                0x000001a8      0x218 .\CortexM3\ARM_GCC_473\Debug\1 - Hello World.a(CyLib.o)
 .debug_aranges
                0x000003c0       0x90 .\CortexM3\ARM_GCC_473\Debug\1 - Hello World.a(cyPm.o)
 .debug_aranges
                0x00000450       0x78 .\CortexM3\ARM_GCC_473\Debug\1 - Hello World.a(CyFlash.o)
 .debug_aranges
                0x000004c8       0x68 .\CortexM3\ARM_GCC_473\Debug\1 - Hello World.a(CySpc.o)

.debug_pubnames
 *(.debug_pubnames)

.debug_info     0x00000000     0x2794
 *(.debug_info .gnu.linkonce.wi.*)
 .debug_info    0x00000000       0xe1 .\CortexM3\ARM_GCC_473\Debug\main.o
 .debug_info    0x000000e1      0x13e .\CortexM3\ARM_GCC_473\Debug\cymetadata.o
 .debug_info    0x0000021f      0x2ea .\CortexM3\ARM_GCC_473\Debug\Cm3Start.o
 .debug_info    0x00000509      0x301 .\CortexM3\ARM_GCC_473\Debug\1 - Hello World.a(cyfitter_cfg.o)
 .debug_info    0x0000080a      0x42a .\CortexM3\ARM_GCC_473\Debug\1 - Hello World.a(LCD.o)
 .debug_info    0x00000c34      0x100 .\CortexM3\ARM_GCC_473\Debug\1 - Hello World.a(LCD_CustChars.o)
 .debug_info    0x00000d34       0x99 .\CortexM3\ARM_GCC_473\Debug\1 - Hello World.a(CyBootAsmGnu.o)
 .debug_info    0x00000dcd      0xcd7 .\CortexM3\ARM_GCC_473\Debug\1 - Hello World.a(CyLib.o)
 .debug_info    0x00001aa4      0x5c3 .\CortexM3\ARM_GCC_473\Debug\1 - Hello World.a(cyPm.o)
 .debug_info    0x00002067      0x354 .\CortexM3\ARM_GCC_473\Debug\1 - Hello World.a(CyFlash.o)
 .debug_info    0x000023bb      0x3d9 .\CortexM3\ARM_GCC_473\Debug\1 - Hello World.a(CySpc.o)

.debug_abbrev   0x00000000      0xbcc
 *(.debug_abbrev)
 .debug_abbrev  0x00000000       0x7a .\CortexM3\ARM_GCC_473\Debug\main.o
 .debug_abbrev  0x0000007a       0x5d .\CortexM3\ARM_GCC_473\Debug\cymetadata.o
 .debug_abbrev  0x000000d7      0x175 .\CortexM3\ARM_GCC_473\Debug\Cm3Start.o
 .debug_abbrev  0x0000024c      0x14d .\CortexM3\ARM_GCC_473\Debug\1 - Hello World.a(cyfitter_cfg.o)
 .debug_abbrev  0x00000399      0x133 .\CortexM3\ARM_GCC_473\Debug\1 - Hello World.a(LCD.o)
 .debug_abbrev  0x000004cc       0xa4 .\CortexM3\ARM_GCC_473\Debug\1 - Hello World.a(LCD_CustChars.o)
 .debug_abbrev  0x00000570       0x14 .\CortexM3\ARM_GCC_473\Debug\1 - Hello World.a(CyBootAsmGnu.o)
 .debug_abbrev  0x00000584      0x207 .\CortexM3\ARM_GCC_473\Debug\1 - Hello World.a(CyLib.o)
 .debug_abbrev  0x0000078b      0x170 .\CortexM3\ARM_GCC_473\Debug\1 - Hello World.a(cyPm.o)
 .debug_abbrev  0x000008fb      0x172 .\CortexM3\ARM_GCC_473\Debug\1 - Hello World.a(CyFlash.o)
 .debug_abbrev  0x00000a6d      0x15f .\CortexM3\ARM_GCC_473\Debug\1 - Hello World.a(CySpc.o)

.debug_line     0x00000000     0x15da
 *(.debug_line)
 .debug_line    0x00000000      0x112 .\CortexM3\ARM_GCC_473\Debug\main.o
 .debug_line    0x00000112       0x53 .\CortexM3\ARM_GCC_473\Debug\cymetadata.o
 .debug_line    0x00000165      0x1b0 .\CortexM3\ARM_GCC_473\Debug\Cm3Start.o
 .debug_line    0x00000315      0x1c7 .\CortexM3\ARM_GCC_473\Debug\1 - Hello World.a(cyfitter_cfg.o)
 .debug_line    0x000004dc      0x21e .\CortexM3\ARM_GCC_473\Debug\1 - Hello World.a(LCD.o)
 .debug_line    0x000006fa       0x7d .\CortexM3\ARM_GCC_473\Debug\1 - Hello World.a(LCD_CustChars.o)
 .debug_line    0x00000777       0x68 .\CortexM3\ARM_GCC_473\Debug\1 - Hello World.a(CyBootAsmGnu.o)
 .debug_line    0x000007df      0x73b .\CortexM3\ARM_GCC_473\Debug\1 - Hello World.a(CyLib.o)
 .debug_line    0x00000f1a      0x370 .\CortexM3\ARM_GCC_473\Debug\1 - Hello World.a(cyPm.o)
 .debug_line    0x0000128a      0x1a9 .\CortexM3\ARM_GCC_473\Debug\1 - Hello World.a(CyFlash.o)
 .debug_line    0x00001433      0x1a7 .\CortexM3\ARM_GCC_473\Debug\1 - Hello World.a(CySpc.o)

.debug_frame    0x00000000     0x10f4
 *(.debug_frame)
 .debug_frame   0x00000000       0x30 .\CortexM3\ARM_GCC_473\Debug\main.o
 .debug_frame   0x00000030       0xa4 .\CortexM3\ARM_GCC_473\Debug\Cm3Start.o
 .debug_frame   0x000000d4      0x104 .\CortexM3\ARM_GCC_473\Debug\1 - Hello World.a(cyfitter_cfg.o)
 .debug_frame   0x000001d8      0x200 .\CortexM3\ARM_GCC_473\Debug\1 - Hello World.a(LCD.o)
 .debug_frame   0x000003d8       0x30 .\CortexM3\ARM_GCC_473\Debug\1 - Hello World.a(LCD_CustChars.o)
 .debug_frame   0x00000408      0x778 .\CortexM3\ARM_GCC_473\Debug\1 - Hello World.a(CyLib.o)
 .debug_frame   0x00000b80      0x1d0 .\CortexM3\ARM_GCC_473\Debug\1 - Hello World.a(cyPm.o)
 .debug_frame   0x00000d50      0x178 .\CortexM3\ARM_GCC_473\Debug\1 - Hello World.a(CyFlash.o)
 .debug_frame   0x00000ec8      0x13c .\CortexM3\ARM_GCC_473\Debug\1 - Hello World.a(CySpc.o)
 .debug_frame   0x00001004       0x28 c:/program files (x86)/cypress/psoc creator/3.0/psoc creator/import/gnu_cs/arm/4.7.3/bin/../lib/gcc/arm-none-eabi/4.7.3/../../../../arm-none-eabi/lib/armv7-m\libc_s.a(lib_a-__atexit2.o)
 .debug_frame   0x0000102c       0x28 c:/program files (x86)/cypress/psoc creator/3.0/psoc creator/import/gnu_cs/arm/4.7.3/bin/../lib/gcc/arm-none-eabi/4.7.3/../../../../arm-none-eabi/lib/armv7-m\libc_s.a(lib_a-exit.o)
 .debug_frame   0x00001054       0x2c c:/program files (x86)/cypress/psoc creator/3.0/psoc creator/import/gnu_cs/arm/4.7.3/bin/../lib/gcc/arm-none-eabi/4.7.3/../../../../arm-none-eabi/lib/armv7-m\libc_s.a(lib_a-fini.o)
 .debug_frame   0x00001080       0x2c c:/program files (x86)/cypress/psoc creator/3.0/psoc creator/import/gnu_cs/arm/4.7.3/bin/../lib/gcc/arm-none-eabi/4.7.3/../../../../arm-none-eabi/lib/armv7-m\libc_s.a(lib_a-init.o)
 .debug_frame   0x000010ac       0x28 c:/program files (x86)/cypress/psoc creator/3.0/psoc creator/import/gnu_cs/arm/4.7.3/bin/../lib/gcc/arm-none-eabi/4.7.3/../../../../arm-none-eabi/lib/armv7-m\libc_s.a(lib_a-memcpy.o)
 .debug_frame   0x000010d4       0x20 c:/program files (x86)/cypress/psoc creator/3.0/psoc creator/import/gnu_cs/arm/4.7.3/bin/../lib/gcc/arm-none-eabi/4.7.3/../../../../arm-none-eabi/lib/armv7-m\libc_s.a(lib_a-memset.o)

.debug_str      0x00000000     0x117c
 *(.debug_str)
 .debug_str     0x00000000      0x129 .\CortexM3\ARM_GCC_473\Debug\main.o
                                0x162 (size before relaxing)
 .debug_str     0x00000129       0x7d .\CortexM3\ARM_GCC_473\Debug\cymetadata.o
                                0x1ae (size before relaxing)
 .debug_str     0x000001a6      0x119 .\CortexM3\ARM_GCC_473\Debug\Cm3Start.o
                                0x26a (size before relaxing)
 .debug_str     0x000002bf      0x10d .\CortexM3\ARM_GCC_473\Debug\1 - Hello World.a(cyfitter_cfg.o)
                                0x264 (size before relaxing)
 .debug_str     0x000003cc      0x18f .\CortexM3\ARM_GCC_473\Debug\1 - Hello World.a(LCD.o)
                                0x2d9 (size before relaxing)
 .debug_str     0x0000055b       0x48 .\CortexM3\ARM_GCC_473\Debug\1 - Hello World.a(LCD_CustChars.o)
                                0x197 (size before relaxing)
 .debug_str     0x000005a3      0x633 .\CortexM3\ARM_GCC_473\Debug\1 - Hello World.a(CyLib.o)
                                0x7d0 (size before relaxing)
 .debug_str     0x00000bd6      0x371 .\CortexM3\ARM_GCC_473\Debug\1 - Hello World.a(cyPm.o)
                                0x4df (size before relaxing)
 .debug_str     0x00000f47      0x137 .\CortexM3\ARM_GCC_473\Debug\1 - Hello World.a(CyFlash.o)
                                0x2a5 (size before relaxing)
 .debug_str     0x0000107e       0xfe .\CortexM3\ARM_GCC_473\Debug\1 - Hello World.a(CySpc.o)
                                0x281 (size before relaxing)

.debug_loc      0x00000000     0x1ad0
 *(.debug_loc)
 .debug_loc     0x00000000       0x38 .\CortexM3\ARM_GCC_473\Debug\main.o
 .debug_loc     0x00000038      0x100 .\CortexM3\ARM_GCC_473\Debug\Cm3Start.o
 .debug_loc     0x00000138      0x1c0 .\CortexM3\ARM_GCC_473\Debug\1 - Hello World.a(cyfitter_cfg.o)
 .debug_loc     0x000002f8      0x350 .\CortexM3\ARM_GCC_473\Debug\1 - Hello World.a(LCD.o)
 .debug_loc     0x00000648       0x38 .\CortexM3\ARM_GCC_473\Debug\1 - Hello World.a(LCD_CustChars.o)
 .debug_loc     0x00000680      0xce0 .\CortexM3\ARM_GCC_473\Debug\1 - Hello World.a(CyLib.o)
 .debug_loc     0x00001360      0x2e8 .\CortexM3\ARM_GCC_473\Debug\1 - Hello World.a(cyPm.o)
 .debug_loc     0x00001648      0x258 .\CortexM3\ARM_GCC_473\Debug\1 - Hello World.a(CyFlash.o)
 .debug_loc     0x000018a0      0x230 .\CortexM3\ARM_GCC_473\Debug\1 - Hello World.a(CySpc.o)

.debug_macinfo
 *(.debug_macinfo)

.debug_ranges   0x00000000      0x468
 *(.debug_ranges)
 .debug_ranges  0x00000000       0x10 .\CortexM3\ARM_GCC_473\Debug\main.o
 .debug_ranges  0x00000010       0x30 .\CortexM3\ARM_GCC_473\Debug\Cm3Start.o
 .debug_ranges  0x00000040       0x48 .\CortexM3\ARM_GCC_473\Debug\1 - Hello World.a(cyfitter_cfg.o)
 .debug_ranges  0x00000088       0x88 .\CortexM3\ARM_GCC_473\Debug\1 - Hello World.a(LCD.o)
 .debug_ranges  0x00000110       0x10 .\CortexM3\ARM_GCC_473\Debug\1 - Hello World.a(LCD_CustChars.o)
 .debug_ranges  0x00000120      0x208 .\CortexM3\ARM_GCC_473\Debug\1 - Hello World.a(CyLib.o)
 .debug_ranges  0x00000328       0x80 .\CortexM3\ARM_GCC_473\Debug\1 - Hello World.a(cyPm.o)
 .debug_ranges  0x000003a8       0x68 .\CortexM3\ARM_GCC_473\Debug\1 - Hello World.a(CyFlash.o)
 .debug_ranges  0x00000410       0x58 .\CortexM3\ARM_GCC_473\Debug\1 - Hello World.a(CySpc.o)

.comment        0x00000000       0x70
 .comment       0x00000000       0x70 .\CortexM3\ARM_GCC_473\Debug\main.o
                                 0x71 (size before relaxing)
 .comment       0x00000000       0x71 .\CortexM3\ARM_GCC_473\Debug\cymetadata.o
 .comment       0x00000000       0x71 .\CortexM3\ARM_GCC_473\Debug\Cm3Start.o
 .comment       0x00000000       0x71 .\CortexM3\ARM_GCC_473\Debug\1 - Hello World.a(cyfitter_cfg.o)
 .comment       0x00000000       0x71 .\CortexM3\ARM_GCC_473\Debug\1 - Hello World.a(LCD.o)
 .comment       0x00000000       0x71 .\CortexM3\ARM_GCC_473\Debug\1 - Hello World.a(LCD_CustChars.o)
 .comment       0x00000000       0x71 .\CortexM3\ARM_GCC_473\Debug\1 - Hello World.a(CyLib.o)
 .comment       0x00000000       0x71 .\CortexM3\ARM_GCC_473\Debug\1 - Hello World.a(cyPm.o)
 .comment       0x00000000       0x71 .\CortexM3\ARM_GCC_473\Debug\1 - Hello World.a(CyFlash.o)
 .comment       0x00000000       0x71 .\CortexM3\ARM_GCC_473\Debug\1 - Hello World.a(CySpc.o)

.debug_weaknames
 *(.debug_weaknames)

.debug_funcnames
 *(.debug_funcnames)

.debug_typenames
 *(.debug_typenames)

.debug_varnames
 *(.debug_varnames)

.note.gnu.arm.ident
 *(.note.gnu.arm.ident)

.ARM.attributes
                0x00000000       0x29
 *(.ARM.attributes)
 .ARM.attributes
                0x00000000       0x1d c:/program files (x86)/cypress/psoc creator/3.0/psoc creator/import/gnu_cs/arm/4.7.3/bin/../lib/gcc/arm-none-eabi/4.7.3/armv7-m/crti.o
 .ARM.attributes
                0x0000001d       0x2d c:/program files (x86)/cypress/psoc creator/3.0/psoc creator/import/gnu_cs/arm/4.7.3/bin/../lib/gcc/arm-none-eabi/4.7.3/armv7-m/crtbegin.o
 .ARM.attributes
                0x0000004a       0x1b c:/program files (x86)/cypress/psoc creator/3.0/psoc creator/import/gnu_cs/arm/4.7.3/bin/../lib/gcc/arm-none-eabi/4.7.3/../../../../arm-none-eabi/lib/armv7-m/crt0.o
 .ARM.attributes
                0x00000065       0x33 .\CortexM3\ARM_GCC_473\Debug\main.o
 .ARM.attributes
                0x00000098       0x33 .\CortexM3\ARM_GCC_473\Debug\cymetadata.o
 .ARM.attributes
                0x000000cb       0x33 .\CortexM3\ARM_GCC_473\Debug\Cm3Start.o
 .ARM.attributes
                0x000000fe       0x33 .\CortexM3\ARM_GCC_473\Debug\1 - Hello World.a(cyfitter_cfg.o)
 .ARM.attributes
                0x00000131       0x33 .\CortexM3\ARM_GCC_473\Debug\1 - Hello World.a(LCD.o)
 .ARM.attributes
                0x00000164       0x33 .\CortexM3\ARM_GCC_473\Debug\1 - Hello World.a(LCD_CustChars.o)
 .ARM.attributes
                0x00000197       0x21 .\CortexM3\ARM_GCC_473\Debug\1 - Hello World.a(CyBootAsmGnu.o)
 .ARM.attributes
                0x000001b8       0x33 .\CortexM3\ARM_GCC_473\Debug\1 - Hello World.a(CyLib.o)
 .ARM.attributes
                0x000001eb       0x33 .\CortexM3\ARM_GCC_473\Debug\1 - Hello World.a(cyPm.o)
 .ARM.attributes
                0x0000021e       0x33 .\CortexM3\ARM_GCC_473\Debug\1 - Hello World.a(CyFlash.o)
 .ARM.attributes
                0x00000251       0x33 .\CortexM3\ARM_GCC_473\Debug\1 - Hello World.a(CySpc.o)
 .ARM.attributes
                0x00000284       0x2d c:/program files (x86)/cypress/psoc creator/3.0/psoc creator/import/gnu_cs/arm/4.7.3/bin/../lib/gcc/arm-none-eabi/4.7.3/../../../../arm-none-eabi/lib/armv7-m\libc_s.a(lib_a-__atexit2.o)
 .ARM.attributes
                0x000002b1       0x2d c:/program files (x86)/cypress/psoc creator/3.0/psoc creator/import/gnu_cs/arm/4.7.3/bin/../lib/gcc/arm-none-eabi/4.7.3/../../../../arm-none-eabi/lib/armv7-m\libc_s.a(lib_a-exit.o)
 .ARM.attributes
                0x000002de       0x2d c:/program files (x86)/cypress/psoc creator/3.0/psoc creator/import/gnu_cs/arm/4.7.3/bin/../lib/gcc/arm-none-eabi/4.7.3/../../../../arm-none-eabi/lib/armv7-m\libc_s.a(lib_a-fini.o)
 .ARM.attributes
                0x0000030b       0x2d c:/program files (x86)/cypress/psoc creator/3.0/psoc creator/import/gnu_cs/arm/4.7.3/bin/../lib/gcc/arm-none-eabi/4.7.3/../../../../arm-none-eabi/lib/armv7-m\libc_s.a(lib_a-impure.o)
 .ARM.attributes
                0x00000338       0x2d c:/program files (x86)/cypress/psoc creator/3.0/psoc creator/import/gnu_cs/arm/4.7.3/bin/../lib/gcc/arm-none-eabi/4.7.3/../../../../arm-none-eabi/lib/armv7-m\libc_s.a(lib_a-init.o)
 .ARM.attributes
                0x00000365       0x2d c:/program files (x86)/cypress/psoc creator/3.0/psoc creator/import/gnu_cs/arm/4.7.3/bin/../lib/gcc/arm-none-eabi/4.7.3/../../../../arm-none-eabi/lib/armv7-m\libc_s.a(lib_a-memcpy.o)
 .ARM.attributes
                0x00000392       0x2d c:/program files (x86)/cypress/psoc creator/3.0/psoc creator/import/gnu_cs/arm/4.7.3/bin/../lib/gcc/arm-none-eabi/4.7.3/../../../../arm-none-eabi/lib/armv7-m\libc_s.a(lib_a-memset.o)
 .ARM.attributes
                0x000003bf       0x2d c:/program files (x86)/cypress/psoc creator/3.0/psoc creator/import/gnu_cs/arm/4.7.3/bin/../lib/gcc/arm-none-eabi/4.7.3/armv7-m/crtend.o
 .ARM.attributes
                0x000003ec       0x1d c:/program files (x86)/cypress/psoc creator/3.0/psoc creator/import/gnu_cs/arm/4.7.3/bin/../lib/gcc/arm-none-eabi/4.7.3/armv7-m/crtn.o

/DISCARD/
 *(.note.GNU-stack)
OUTPUT(.\CortexM3\ARM_GCC_473\Debug\1 - Hello World.elf elf32-littlearm)
